{"governed_request": {"continuity_hash": null, "governance_path": [], "max_tokens": null, "messages": [{"content": "You are Nova inside Cursor.", "role": "system"}, {"content": "observe cursor adapter", "role": "user"}], "slice_id": null, "slice_version": null, "temperature": null}, "provider": "LocalDeterministicProvider", "timestamp": 1790940127, "type": "completion_request"}
{"completion_id": "local-222ffb98-6180-41ef-bcf4-9d7d20d652b9", "provider": "LocalDeterministicProvider", "timestamp": 1790940127, "type": "completion_response"}
{"governed_request": {"continuity_hash": null, "governance_path": [], "max_tokens": null, "messages": [{"content": "observe streaming cursor adapter", "role": "user"}], "slice_id": null, "slice_version": null, "temperature": null}, "provider": "LocalDeterministicProvider", "timestamp": 1790940127, "type": "completion_request"}
{"governed_request": {"continuity_hash": null, "governance_path": [], "max_tokens": null, "messages": [{"content": "observe auth", "role": "user"}], "slice_id": null, "slice_version": null, "temperature": null}, "provider": "LocalDeterministicProvider", "timestamp": 1790940127, "type": "completion_request"}
{"completion_id": "local-233b22f4-d39b-441b-8018-6923dfcf98f1", "provider": "LocalDeterministicProvider", "timestamp": 1790940127, "type": "completion_response"}
{"governed_request": {"continuity_hash": null, "governance_path": [], "max_tokens": null, "messages": [{"content": "write code", "role": "user"}], "slice_id": null, "slice_version": null, "temperature": null}, "provider": "_LegacyOllamaProviderAdapter", "timestamp": 1790940127, "type": "completion_request"}
{"completion_id": "chatcmpl-nova-3ea3b8695a8d446f", "provider": "_LegacyOllamaProviderAdapter", "timestamp": 1790940127, "type": "completion_response"}
{"governed_request": {"continuity_hash": null, "governance_path": [], "max_tokens": null, "messages": [{"content": "chat prompt", "role": "user"}], "slice_id": null, "slice_version": null, "temperature": null}, "provider": "FakeProvider", "timestamp": 1790940128, "type": "completion_request"}
{"completion_id": "fake-completion-1", "provider": "FakeProvider", "timestamp": 1790940128, "type": "completion_response"}
{"governed_request": {"continuity_hash": null, "governance_path": [], "max_tokens": null, "messages": [{"content": "stream", "role": "user"}], "slice_id": null, "slice_version": null, "temperature": null}, "provider": "FakeProvider", "timestamp": 1790940128, "type": "completion_request"}
{"governed_request": {"continuity_hash": null, "governance_path": [], "max_tokens": null, "messages": [{"content": "You are Nova inside Cursor.", "role": "system"}, {"content": "observe cursor adapter", "role": "user"}], "slice_id": null, "slice_version": null, "temperature": null}, "provider": "LocalDeterministicProvider", "timestamp": 1790940135, "type": "completion_request"}
{"completion_id": "local-b7f51de2-abf0-4efe-9cd0-769490bc28ea", "provider": "LocalDeterministicProvider", "timestamp": 1790940135, "type": "completion_response"}
{"governed_request": {"continuity_hash": null, "governance_path": [], "max_tokens": null, "messages": [{"content": "observe streaming cursor adapter", "role": "user"}], "slice_id": null, "slice_version": null, "temperature": null}, "provider": "LocalDeterministicProvider", "timestamp": 1790940135, "type": "completion_request"}
{"governed_request": {"continuity_hash": null, "governance_path": [], "max_tokens": null, "messages": [{"content": "observe auth", "role": "user"}], "slice_id": null, "slice_version": null, "temperature": null}, "provider": "LocalDeterministicProvider", "timestamp": 1790940135, "type": "completion_request"}
{"completion_id": "local-8cba3484-7ba1-43d7-998e-74d33ea2ee49", "provider": "LocalDeterministicProvider", "timestamp": 1790940135, "type": "completion_response"}
{"governed_request": {"continuity_hash": null, "governance_path": [], "max_tokens": null, "messages": [{"content": "write code", "role": "user"}], "slice_id": null, "slice_version": null, "temperature": null}, "provider": "_LegacyOllamaProviderAdapter", "timestamp": 1790940135, "type": "completion_request"}
{"completion_id": "chatcmpl-nova-3a10ae88564944df", "provider": "_LegacyOllamaProviderAdapter", "timestamp": 1790940135, "type": "completion_response"}
{"governed_request": {"continuity_hash": null, "governance_path": [], "max_tokens": null, "messages": [{"content": "chat prompt", "role": "user"}], "slice_id": null, "slice_version": null, "temperature": null}, "provider": "FakeProvider", "timestamp": 1790940135, "type": "completion_request"}
{"completion_id": "fake-completion-1", "provider": "FakeProvider", "timestamp": 1790940135, "type": "completion_response"}
{"governed_request": {"continuity_hash": null, "governance_path": [], "max_tokens": null, "messages": [{"content": "stream", "role": "user"}], "slice_id": null, "slice_version": null, "temperature": null}, "provider": "FakeProvider", "timestamp": 1790940135, "type": "completion_request"}
{"governed_request": {"continuity_hash": null, "governance_path": [], "max_tokens": null, "messages": [{"content": "You are Nova inside Cursor.", "role": "system"}, {"content": "observe cursor adapter", "role": "user"}], "slice_id": null, "slice_version": null, "temperature": null}, "provider": "LocalDeterministicProvider", "timestamp": 1790940157, "type": "completion_request"}
{"completion_id": "local-92671881-a161-4777-817b-84e1258aaeec", "provider": "LocalDeterministicProvider", "timestamp": 1790940157, "type": "completion_response"}
{"governed_request": {"continuity_hash": null, "governance_path": [], "max_tokens": null, "messages": [{"content": "observe streaming cursor adapter", "role": "user"}], "slice_id": null, "slice_version": null, "temperature": null}, "provider": "LocalDeterministicProvider", "timestamp": 1790940157, "type": "completion_request"}
{"governed_request": {"continuity_hash": null, "governance_path": [], "max_tokens": null, "messages": [{"content": "observe auth", "role": "user"}], "slice_id": null, "slice_version": null, "temperature": null}, "provider": "LocalDeterministicProvider", "timestamp": 1790940157, "type": "completion_request"}
{"completion_id": "local-ec1f5e8e-5987-4813-a506-fbfc307598e5", "provider": "LocalDeterministicProvider", "timestamp": 1790940157, "type": "completion_response"}
{"governed_request": {"continuity_hash": null, "governance_path": [], "max_tokens": null, "messages": [{"content": "write code", "role": "user"}], "slice_id": null, "slice_version": null, "temperature": null}, "provider": "_LegacyOllamaProviderAdapter", "timestamp": 1790940157, "type": "completion_request"}
{"completion_id": "chatcmpl-nova-bde98e02d4ff4290", "provider": "_LegacyOllamaProviderAdapter", "timestamp": 1790940157, "type": "completion_response"}
{"governed_request": {"continuity_hash": null, "governance_path": [], "max_tokens": null, "messages": [{"content": "chat prompt", "role": "user"}], "slice_id": null, "slice_version": null, "temperature": null}, "provider": "FakeProvider", "timestamp": 1790940157, "type": "completion_request"}
{"completion_id": "fake-completion-1", "provider": "FakeProvider", "timestamp": 1790940157, "type": "completion_response"}
{"governed_request": {"continuity_hash": null, "governance_path": [], "max_tokens": null, "messages": [{"content": "stream", "role": "user"}], "slice_id": null, "slice_version": null, "temperature": null}, "provider": "FakeProvider", "timestamp": 1790940157, "type": "completion_request"}
{"governed_request": {"continuity_hash": null, "governance_path": [], "max_tokens": null, "messages": [{"content": "What is the capital of France?", "role": "user"}], "slice_id": null, "slice_version": null, "temperature": null}, "provider": "LocalDeterministicProvider", "timestamp": 1790940179, "type": "completion_request"}
{"completion_id": "local-bda9f091-d89f-48f1-8774-1b186a9c711b", "provider": "LocalDeterministicProvider", "timestamp": 1790940179, "type": "completion_response"}
{"governed_request": {"continuity_hash": null, "governance_path": [], "max_tokens": null, "messages": [{"content": "What is the capital of France? One sentence.", "role": "user"}], "slice_id": null, "slice_version": null, "temperature": null}, "provider": "ExternalProvider", "timestamp": 1790940213, "type": "completion_request"}
{"governed_request": {"continuity_hash": null, "governance_path": [], "max_tokens": null, "messages": [{"content": "What is the capital of France? One sentence.", "role": "user"}], "slice_id": null, "slice_version": null, "temperature": null}, "provider": "ExternalProvider", "timestamp": 1790940219, "type": "completion_request"}
{"completion_id": "chatcmpl-355f5e56-c0b9-4072-b24d-43f2ca69844b", "provider": "ExternalProvider", "timestamp": 1790940221, "type": "completion_response"}
{"governed_request": {"continuity_hash": null, "governance_path": [], "max_tokens": null, "messages": [{"content": "You are Nova inside Cursor.", "role": "system"}, {"content": "observe cursor adapter", "role": "user"}], "slice_id": null, "slice_version": null, "temperature": null}, "provider": "LocalDeterministicProvider", "timestamp": 1790940242, "type": "completion_request"}
{"completion_id": "local-956254dc-56d0-45a6-a898-08590e192b1f", "provider": "LocalDeterministicProvider", "timestamp": 1790940242, "type": "completion_response"}
{"governed_request": {"continuity_hash": null, "governance_path": [], "max_tokens": null, "messages": [{"content": "observe streaming cursor adapter", "role": "user"}], "slice_id": null, "slice_version": null, "temperature": null}, "provider": "LocalDeterministicProvider", "timestamp": 1790940242, "type": "completion_request"}
{"governed_request": {"continuity_hash": null, "governance_path": [], "max_tokens": null, "messages": [{"content": "observe auth", "role": "user"}], "slice_id": null, "slice_version": null, "temperature": null}, "provider": "LocalDeterministicProvider", "timestamp": 1790940242, "type": "completion_request"}
{"completion_id": "local-89b6106a-18f0-4560-abeb-6557641ad540", "provider": "LocalDeterministicProvider", "timestamp": 1790940242, "type": "completion_response"}
{"governed_request": {"continuity_hash": null, "governance_path": [], "max_tokens": null, "messages": [{"content": "write code", "role": "user"}], "slice_id": null, "slice_version": null, "temperature": null}, "provider": "_LegacyOllamaProviderAdapter", "timestamp": 1790940242, "type": "completion_request"}
{"completion_id": "chatcmpl-nova-e94aaa1eafe346b8", "provider": "_LegacyOllamaProviderAdapter", "timestamp": 1790940242, "type": "completion_response"}
{"governed_request": {"continuity_hash": null, "governance_path": [], "max_tokens": null, "messages": [{"content": "chat prompt", "role": "user"}], "slice_id": null, "slice_version": null, "temperature": null}, "provider": "FakeProvider", "timestamp": 1790940243, "type": "completion_request"}
{"completion_id": "fake-completion-1", "provider": "FakeProvider", "timestamp": 1790940243, "type": "completion_response"}
{"governed_request": {"continuity_hash": null, "governance_path": [], "max_tokens": null, "messages": [{"content": "stream", "role": "user"}], "slice_id": null, "slice_version": null, "temperature": null}, "provider": "FakeProvider", "timestamp": 1790940243, "type": "completion_request"}
{"governed_request": {"continuity_hash": null, "governance_path": [], "max_tokens": null, "messages": [{"content": "What is the capital of France? One sentence.", "role": "user"}], "slice_id": null, "slice_version": null, "temperature": null}, "provider": "ExternalProvider", "timestamp": 1790940248, "type": "completion_request"}
{"completion_id": "chatcmpl-01fd4b32-bb8f-422a-a588-3527b555a2ff", "provider": "ExternalProvider", "timestamp": 1790940249, "type": "completion_response"}
